// Jest Snapshot v1, https://goo.gl/fbAQLP

exports[`Portal #children 1`] = `null`;

exports[`Portal component lifecycle 1`] = `"<div><div data-reactroot=\\"\\">Test!</div></div>"`;

exports[`Portal empty 1`] = `null`;
